main.c:178:13:LCD_EnablePulse	8	static
main.c:185:13:LCD_Send4Bit	16	static
main.c:193:13:LCD_SendCommand	16	static
main.c:199:13:LCD_SendData	16	static
main.c:205:6:LCD_Init	8	static
main.c:215:6:LCD_SetCursor	16	static
main.c:219:6:LCD_WriteString	16	static
main.c:228:6:LCD_WriteStringPadded	24	static
main.c:240:6:LCD_Clear	8	static
main.c:249:10:Read_ADC_Channel	32	static
main.c:270:13:Check_Sensor_Fault	16	static
main.c:283:13:Check_Absolute_Limits	16	static
main.c:296:13:Check_Rate_Of_Change	24	static
main.c:351:13:Run_Anomaly_Detection	24	static
main.c:376:13:Get_Alarm_Message	16	static
main.c:396:6:Emergency_Shutdown	16	static
main.c:414:9:Try_Clear_Lockout	16	static
main.c:444:6:Update_Heater_State	16	static
main.c:460:6:Handle_Alarm_Display	40	static
main.c:480:6:Handle_Normal_Display	56	static
main.c:532:5:main	56	static
main.c:657:6:SystemClock_Config	88	static
main.c:683:13:MX_ADC1_Init	8	static
main.c:695:13:MX_GPIO_Init	40	static
